PROMPT OK: False
